../Core/Src/main.c:100:5:main	8	static
../Core/Src/main.c:146:6:SystemClock_Config	72	static
../Core/Src/main.c:183:13:MX_SPI2_Init	8	static
../Core/Src/main.c:221:13:MX_GPIO_Init	32	static
../Core/Src/main.c:255:9:isButtonPressed	24	static
../Core/Src/main.c:275:6:shiftOut	16	static
../Core/Src/main.c:285:6:displayNumber	24	static
../Core/Src/main.c:303:6:countDownNum	24	static
../Core/Src/main.c:315:6:updateState	8	static
../Core/Src/main.c:335:6:detect_button	8	static
../Core/Src/main.c:389:6:switchToLightTrafficMode	16	static
../Core/Src/main.c:422:6:switchToHeavyTrafficMode	16	static
../Core/Src/main.c:454:6:switchToNightMode	16	static
../Core/Src/main.c:471:6:switchToControlMode	16	static
../Core/Src/main.c:548:6:Error_Handler	4	static,ignoring_inline_asm
