Archive member included to satisfy reference by file (symbol)

C:/ST/STM32CubeIDE_1.18.0/STM32CubeIDE/plugins/com.st.stm32cube.ide.mcu.externaltools.gnu-tools-for-stm32.13.3.rel1.win32_1.0.0.202411081344/tools/bin/../lib/gcc/arm-none-eabi/13.3.1/../../../../arm-none-eabi/lib/thumb/v7-m/nofp\libc_nano.a(libc_a-exit.o)
                              C:/ST/STM32CubeIDE_1.18.0/STM32CubeIDE/plugins/com.st.stm32cube.ide.mcu.externaltools.gnu-tools-for-stm32.13.3.rel1.win32_1.0.0.202411081344/tools/bin/../lib/gcc/arm-none-eabi/13.3.1/../../../../arm-none-eabi/lib/thumb/v7-m/nofp/crt0.o (exit)
C:/ST/STM32CubeIDE_1.18.0/STM32CubeIDE/plugins/com.st.stm32cube.ide.mcu.externaltools.gnu-tools-for-stm32.13.3.rel1.win32_1.0.0.202411081344/tools/bin/../lib/gcc/arm-none-eabi/13.3.1/../../../../arm-none-eabi/lib/thumb/v7-m/nofp\libc_nano.a(libc_a-findfp.o)
                              C:/ST/STM32CubeIDE_1.18.0/STM32CubeIDE/plugins/com.st.stm32cube.ide.mcu.externaltools.gnu-tools-for-stm32.13.3.rel1.win32_1.0.0.202411081344/tools/bin/../lib/gcc/arm-none-eabi/13.3.1/../../../../arm-none-eabi/lib/thumb/v7-m/nofp\libc_nano.a(libc_a-exit.o) (__stdio_exit_handler)
C:/ST/STM32CubeIDE_1.18.0/STM32CubeIDE/plugins/com.st.stm32cube.ide.mcu.externaltools.gnu-tools-for-stm32.13.3.rel1.win32_1.0.0.202411081344/tools/bin/../lib/gcc/arm-none-eabi/13.3.1/../../../../arm-none-eabi/lib/thumb/v7-m/nofp\libc_nano.a(libc_a-fwalk.o)
                              C:/ST/STM32CubeIDE_1.18.0/STM32CubeIDE/plugins/com.st.stm32cube.ide.mcu.externaltools.gnu-tools-for-stm32.13.3.rel1.win32_1.0.0.202411081344/tools/bin/../lib/gcc/arm-none-eabi/13.3.1/../../../../arm-none-eabi/lib/thumb/v7-m/nofp\libc_nano.a(libc_a-findfp.o) (_fwalk_sglue)
C:/ST/STM32CubeIDE_1.18.0/STM32CubeIDE/plugins/com.st.stm32cube.ide.mcu.externaltools.gnu-tools-for-stm32.13.3.rel1.win32_1.0.0.202411081344/tools/bin/../lib/gcc/arm-none-eabi/13.3.1/../../../../arm-none-eabi/lib/thumb/v7-m/nofp\libc_nano.a(libc_a-stdio.o)
                              C:/ST/STM32CubeIDE_1.18.0/STM32CubeIDE/plugins/com.st.stm32cube.ide.mcu.externaltools.gnu-tools-for-stm32.13.3.rel1.win32_1.0.0.202411081344/tools/bin/../lib/gcc/arm-none-eabi/13.3.1/../../../../arm-none-eabi/lib/thumb/v7-m/nofp\libc_nano.a(libc_a-findfp.o) (__sread)
C:/ST/STM32CubeIDE_1.18.0/STM32CubeIDE/plugins/com.st.stm32cube.ide.mcu.externaltools.gnu-tools-for-stm32.13.3.rel1.win32_1.0.0.202411081344/tools/bin/../lib/gcc/arm-none-eabi/13.3.1/../../../../arm-none-eabi/lib/thumb/v7-m/nofp\libc_nano.a(libc_a-memset.o)
                              C:/ST/STM32CubeIDE_1.18.0/STM32CubeIDE/plugins/com.st.stm32cube.ide.mcu.externaltools.gnu-tools-for-stm32.13.3.rel1.win32_1.0.0.202411081344/tools/bin/../lib/gcc/arm-none-eabi/13.3.1/../../../../arm-none-eabi/lib/thumb/v7-m/nofp/crt0.o (memset)
C:/ST/STM32CubeIDE_1.18.0/STM32CubeIDE/plugins/com.st.stm32cube.ide.mcu.externaltools.gnu-tools-for-stm32.13.3.rel1.win32_1.0.0.202411081344/tools/bin/../lib/gcc/arm-none-eabi/13.3.1/../../../../arm-none-eabi/lib/thumb/v7-m/nofp\libc_nano.a(libc_a-closer.o)
                              C:/ST/STM32CubeIDE_1.18.0/STM32CubeIDE/plugins/com.st.stm32cube.ide.mcu.externaltools.gnu-tools-for-stm32.13.3.rel1.win32_1.0.0.202411081344/tools/bin/../lib/gcc/arm-none-eabi/13.3.1/../../../../arm-none-eabi/lib/thumb/v7-m/nofp\libc_nano.a(libc_a-stdio.o) (_close_r)
C:/ST/STM32CubeIDE_1.18.0/STM32CubeIDE/plugins/com.st.stm32cube.ide.mcu.externaltools.gnu-tools-for-stm32.13.3.rel1.win32_1.0.0.202411081344/tools/bin/../lib/gcc/arm-none-eabi/13.3.1/../../../../arm-none-eabi/lib/thumb/v7-m/nofp\libc_nano.a(libc_a-reent.o)
                              C:/ST/STM32CubeIDE_1.18.0/STM32CubeIDE/plugins/com.st.stm32cube.ide.mcu.externaltools.gnu-tools-for-stm32.13.3.rel1.win32_1.0.0.202411081344/tools/bin/../lib/gcc/arm-none-eabi/13.3.1/../../../../arm-none-eabi/lib/thumb/v7-m/nofp\libc_nano.a(libc_a-closer.o) (errno)
C:/ST/STM32CubeIDE_1.18.0/STM32CubeIDE/plugins/com.st.stm32cube.ide.mcu.externaltools.gnu-tools-for-stm32.13.3.rel1.win32_1.0.0.202411081344/tools/bin/../lib/gcc/arm-none-eabi/13.3.1/../../../../arm-none-eabi/lib/thumb/v7-m/nofp\libc_nano.a(libc_a-impure.o)
                              C:/ST/STM32CubeIDE_1.18.0/STM32CubeIDE/plugins/com.st.stm32cube.ide.mcu.externaltools.gnu-tools-for-stm32.13.3.rel1.win32_1.0.0.202411081344/tools/bin/../lib/gcc/arm-none-eabi/13.3.1/../../../../arm-none-eabi/lib/thumb/v7-m/nofp\libc_nano.a(libc_a-reent.o) (_impure_ptr)
C:/ST/STM32CubeIDE_1.18.0/STM32CubeIDE/plugins/com.st.stm32cube.ide.mcu.externaltools.gnu-tools-for-stm32.13.3.rel1.win32_1.0.0.202411081344/tools/bin/../lib/gcc/arm-none-eabi/13.3.1/../../../../arm-none-eabi/lib/thumb/v7-m/nofp\libc_nano.a(libc_a-lseekr.o)
[...]
Memory Configuration

Name             Origin             Length             Attributes
RAM              0x20000000         0x00005000         xrw
FLASH            0x08000000         0x00010000         xr
*default*        0x00000000         0xffffffff

Linker script and memory map

LOAD C:/ST/STM32CubeIDE_1.18.0/STM32CubeIDE/plugins/com.st.stm32cube.ide.mcu.externaltools.gnu-tools-for-stm32.13.3.rel1.win32_1.0.0.202411081344/tools/bin/../lib/gcc/arm-none-eabi/13.3.1/thumb/v7-m/nofp/crti.o
LOAD C:/ST/STM32CubeIDE_1.18.0/STM32CubeIDE/plugins/com.st.stm32cube.ide.mcu.externaltools.gnu-tools-for-stm32.13.3.rel1.win32_1.0.0.202411081344/tools/bin/../lib/gcc/arm-none-eabi/13.3.1/thumb/v7-m/nofp/crtbegin.o
LOAD C:/ST/STM32CubeIDE_1.18.0/STM32CubeIDE/plugins/com.st.stm32cube.ide.mcu.externaltools.gnu-tools-for-stm32.13.3.rel1.win32_1.0.0.202411081344/tools/bin/../lib/gcc/arm-none-eabi/13.3.1/../../../../arm-none-eabi/lib/thumb/v7-m/nofp/crt0.o
LOAD ./Core/Src/main.o
LOAD ./Core/Src/stm32f1xx_hal_msp.o
LOAD ./Core/Src/stm32f1xx_it.o
LOAD ./Core/Src/syscalls.o
LOAD ./Core/Src/sysmem.o
LOAD ./Core/Src/system_stm32f1xx.o
LOAD ./Core/Startup/startup_stm32f103c8tx.o
LOAD ./Drivers/STM32F1xx_HAL_Driver/Src/stm32f1xx_hal.o
LOAD ./Drivers/STM32F1xx_HAL_Driver/Src/stm32f1xx_hal_cortex.o
LOAD ./Drivers/STM32F1xx_HAL_Driver/Src/stm32f1xx_hal_dma.o
LOAD ./Drivers/STM32F1xx_HAL_Driver/Src/stm32f1xx_hal_exti.o
LOAD ./Drivers/STM32F1xx_HAL_Driver/Src/stm32f1xx_hal_flash.o
LOAD ./Drivers/STM32F1xx_HAL_Driver/Src/stm32f1xx_hal_flash_ex.o
LOAD ./Drivers/STM32F1xx_HAL_Driver/Src/stm32f1xx_hal_gpio.o
LOAD ./Drivers/STM32F1xx_HAL_Driver/Src/stm32f1xx_hal_gpio_ex.o
LOAD ./Drivers/STM32F1xx_HAL_Driver/Src/stm32f1xx_hal_pwr.o
LOAD ./Drivers/STM32F1xx_HAL_Driver/Src/stm32f1xx_hal_rcc.o
LOAD ./Drivers/STM32F1xx_HAL_Driver/Src/stm32f1xx_hal_rcc_ex.o
LOAD ./Drivers/STM32F1xx_HAL_Driver/Src/stm32f1xx_hal_spi.o
START GROUP
LOAD C:/ST/STM32CubeIDE_1.18.0/STM32CubeIDE/plugins/com.st.stm32cube.ide.mcu.externaltools.gnu-tools-for-stm32.13.3.rel1.win32_1.0.0.202411081344/tools/bin/../lib/gcc/arm-none-eabi/13.3.1/../../../../arm-none-eabi/lib/thumb/v7-m/nofp\libc_nano.a
LOAD C:/ST/STM32CubeIDE_1.18.0/STM32CubeIDE/plugins/com.st.stm32cube.ide.mcu.externaltools.gnu-tools-for-stm32.13.3.rel1.win32_1.0.0.202411081344/tools/bin/../lib/gcc/arm-none-eabi/13.3.1/../../../../arm-none-eabi/lib/thumb/v7-m/nofp\libm.a
END GROUP
START GROUP
LOAD C:/ST/STM32CubeIDE_1.18.0/STM32CubeIDE/plugins/com.st.stm32cube.ide.mcu.externaltools.gnu-tools-for-stm32.13.3.rel1.win32_1.0.0.202411081344/tools/bin/../lib/gcc/arm-none-eabi/13.3.1/thumb/v7-m/nofp\libgcc.a
LOAD C:/ST/STM32CubeIDE_1.18.0/STM32CubeIDE/plugins/com.st.stm32cube.ide.mcu.externaltools.gnu-tools-for-stm32.13.3.rel1.win32_1.0.0.202411081344/tools/bin/../lib/gcc/arm-none-eabi/13.3.1/../../../../arm-none-eabi/lib/thumb/v7-m/nofp\libc_nano.a
END GROUP
START GROUP
LOAD C:/ST/STM32CubeIDE_1.18.0/STM32CubeIDE/plugins/com.st.stm32cube.ide.mcu.externaltools.gnu-tools-for-stm32.13.3.rel1.win32_1.0.0.202411081344/tools/bin/../lib/gcc/arm-none-eabi/13.3.1/thumb/v7-m/nofp\libgcc.a
LOAD C:/ST/STM32CubeIDE_1.18.0/STM32CubeIDE/plugins/com.st.stm32cube.ide.mcu.externaltools.gnu-tools-for-stm32.13.3.rel1.win32_1.0.0.202411081344/tools/bin/../lib/gcc/arm-none-eabi/13.3.1/../../../../arm-none-eabi/lib/thumb/v7-m/nofp\libc_nano.a
LOAD C:/ST/STM32CubeIDE_1.18.0/STM32CubeIDE/plugins/com.st.stm32cube.ide.mcu.externaltools.gnu-tools-for-stm32.13.3.rel1.win32_1.0.0.202411081344/tools/bin/../lib/gcc/arm-none-eabi/13.3.1/../../../../arm-none-eabi/lib/thumb/v7-m/nofp\libnosys.a
END GROUP
START GROUP
LOAD C:/ST/STM32CubeIDE_1.18.0/STM32CubeIDE/plugins/com.st.stm32cube.ide.mcu.externaltools.gnu-tools-for-stm32.13.3.rel1.win32_1.0.0.202411081344/tools/bin/../lib/gcc/arm-none-eabi/13.3.1/thumb/v7-m/nofp\libgcc.a
LOAD C:/ST/STM32CubeIDE_1.18.0/STM32CubeIDE/plugins/com.st.stm32cube.ide.mcu.externaltools.gnu-tools-for-stm32.13.3.rel1.win32_1.0.0.202411081344/tools/bin/../lib/gcc/arm-none-eabi/13.3.1/../../../../arm-none-eabi/lib/thumb/v7-m/nofp\libc_nano.a
LOAD C:/ST/STM32CubeIDE_1.18.0/STM32CubeIDE/plugins/com.st.stm32cube.ide.mcu.externaltools.gnu-tools-for-stm32.13.3.rel1.win32_1.0.0.202411081344/tools/bin/../lib/gcc/arm-none-eabi/13.3.1/../../../../arm-none-eabi/lib/thumb/v7-m/nofp\libnosys.a
END GROUP
LOAD C:/ST/STM32CubeIDE_1.18.0/STM32CubeIDE/plugins/com.st.stm32cube.ide.mcu.externaltools.gnu-tools-for-stm32.13.3.rel1.win32_1.0.0.202411081344/tools/bin/../lib/gcc/arm-none-eabi/13.3.1/thumb/v7-m/nofp/crtend.o
LOAD C:/ST/STM32CubeIDE_1.18.0/STM32CubeIDE/plugins/com.st.stm32cube.ide.mcu.externaltools.gnu-tools-for-stm32.13.3.rel1.win32_1.0.0.202411081344/tools/bin/../lib/gcc/arm-none-eabi/13.3.1/thumb/v7-m/nofp/crtn.o
                0x20005000                        _estack = (ORIGIN (RAM) + LENGTH (RAM))
                0x00000200                        _Min_Heap_Size = 0x200
                0x00000400                        _Min_Stack_Size = 0x400

.isr_vector     0x08000000      0x10c
                0x08000000                        . = ALIGN (0x4)
 *(.isr_vector)
 .isr_vector    0x08000000      0x10c ./Core/Startup/startup_stm32f103c8tx.o
                0x08000000                g_pfnVectors
                0x0800010c                        . = ALIGN (0x4)

.text           0x0800010c     0x1db4
                0x0800010c                        . = ALIGN (0x4)
 *(.text)
 .text          0x0800010c       0x40 C:/ST/STM32CubeIDE_1.18.0/STM32CubeIDE/plugins/com.st.stm32cube.ide.mcu.externaltools.gnu-tools-for-stm32.13.3.rel1.win32_1.0.0.202411081344/tools/bin/../lib/gcc/arm-none-eabi/13.3.1/thumb/v7-m/nofp/crtbegin.o
 *(.text*)
 .text.main     0x0800014c       0x1e ./Core/Src/main.o
                0x0800014c                main
 .text.SystemClock_Config
                0x0800016a       0x76 ./Core/Src/main.o
                0x0800016a                SystemClock_Config
 .text.MX_SPI2_Init
                0x080001e0       0x6c ./Core/Src/main.o
 .text.MX_GPIO_Init
                0x0800024c       0x9c ./Core/Src/main.o
 .text.isButtonPressed
                0x080002e8       0x60 ./Core/Src/main.o
                0x080002e8                isButtonPressed
 .text.shiftOut
                0x08000348       0x40 ./Core/Src/main.o
                0x08000348                shiftOut
 .text.displayNumber
                0x08000388       0x68 ./Core/Src/main.o
                0x08000388                displayNumber
 .text.countDownNum
                0x080003f0       0x52 ./Core/Src/main.o
                0x080003f0                countDownNum
 *fill*         0x08000442        0x2 
 .text.updateState
                0x08000444       0x58 ./Core/Src/main.o
                0x08000444                updateState
 .text.detect_button
                0x0800049c      0x1ac ./Core/Src/main.o
                0x0800049c                detect_button
 .text.switchToLightTrafficMode
                0x08000648       0xc8 ./Core/Src/main.o
                0x08000648                switchToLightTrafficMode
 .text.switchToHeavyTrafficMode
                0x08000710       0xc8 ./Core/Src/main.o
                0x08000710                switchToHeavyTrafficMode
 .text.switchToNightMode
                0x080007d8       0x7c ./Core/Src/main.o
                0x080007d8                switchToNightMode
 .text.switchToControlMode
                0x08000854      0x148 ./Core/Src/main.o
                0x08000854                switchToControlMode
 .text.Error_Handler
                0x0800099c        0xc ./Core/Src/main.o
                0x0800099c                Error_Handler
 .text.HAL_MspInit
                0x080009a8       0x64 ./Core/Src/stm32f1xx_hal_msp.o
                0x080009a8                HAL_MspInit
 .text.HAL_SPI_MspInit
                0x08000a0c       0x98 ./Core/Src/stm32f1xx_hal_msp.o
                0x08000a0c                HAL_SPI_MspInit
 .text.NMI_Handler
                0x08000aa4        0x8 ./Core/Src/stm32f1xx_it.o
                0x08000aa4                NMI_Handler
 .text.HardFault_Handler
                0x08000aac        0x8 ./Core/Src/stm32f1xx_it.o
                0x08000aac                HardFault_Handler
 .text.MemManage_Handler
                0x08000ab4        0x8 ./Core/Src/stm32f1xx_it.o
                0x08000ab4                MemManage_Handler
 .text.BusFault_Handler
                0x08000abc        0x8 ./Core/Src/stm32f1xx_it.o
                0x08000abc                BusFault_Handler
 .text.UsageFault_Handler
                0x08000ac4        0x8 ./Core/Src/stm32f1xx_it.o
                0x08000ac4                UsageFault_Handler
 .text.SVC_Handler
                0x08000acc        0xc ./Core/Src/stm32f1xx_it.o
                0x08000acc                SVC_Handler
 .text.DebugMon_Handler
                0x08000ad8        0xc ./Core/Src/stm32f1xx_it.o
                0x08000ad8                DebugMon_Handler
 .text.PendSV_Handler
                0x08000ae4        0xc ./Core/Src/stm32f1xx_it.o
                0x08000ae4                PendSV_Handler
 .text.SysTick_Handler
                0x08000af0        0xc ./Core/Src/stm32f1xx_it.o
                0x08000af0                SysTick_Handler
 .text.SystemInit
                0x08000afc        0xc ./Core/Src/system_stm32f1xx.o
                0x08000afc                SystemInit
 .text.Reset_Handler
                0x08000b08       0x48 ./Core/Startup/startup_stm32f103c8tx.o
                0x08000b08                Reset_Handler
 .text.Default_Handler
                0x08000b50        0x2 ./Core/Startup/startup_stm32f103c8tx.o
                0x08000b50                RTC_Alarm_IRQHandler
                0x08000b50                EXTI2_IRQHandler
                0x08000b50                TIM1_CC_IRQHandler
                0x08000b50                PVD_IRQHandler
                0x08000b50                EXTI3_IRQHandler
                0x08000b50                EXTI0_IRQHandler
                0x08000b50                I2C2_EV_IRQHandler
                0x08000b50                ADC1_2_IRQHandler
                0x08000b50                SPI1_IRQHandler
                0x08000b50                TAMPER_IRQHandler
                0x08000b50                DMA1_Channel4_IRQHandler
                0x08000b50                USART3_IRQHandler
                0x08000b50                RTC_IRQHandler
                0x08000b50                DMA1_Channel7_IRQHandler
                0x08000b50                CAN1_RX1_IRQHandler
                0x08000b50                TIM4_IRQHandler
                0x08000b50                I2C1_EV_IRQHandler
                0x08000b50                DMA1_Channel6_IRQHandler
                0x08000b50                TIM3_IRQHandler
                0x08000b50                RCC_IRQHandler
                0x08000b50                TIM1_TRG_COM_IRQHandler
                0x08000b50                DMA1_Channel1_IRQHandler
                0x08000b50                Default_Handler
                0x08000b50                EXTI15_10_IRQHandler
                0x08000b50                EXTI9_5_IRQHandler
                0x08000b50                SPI2_IRQHandler
                0x08000b50                DMA1_Channel5_IRQHandler
                0x08000b50                EXTI4_IRQHandler
                0x08000b50                USB_LP_CAN1_RX0_IRQHandler
                0x08000b50                USB_HP_CAN1_TX_IRQHandler
                0x08000b50                DMA1_Channel3_IRQHandler
                0x08000b50                TIM1_UP_IRQHandler
                0x08000b50                WWDG_IRQHandler
                0x08000b50                TIM2_IRQHandler
                0x08000b50                TIM1_BRK_IRQHandler
                0x08000b50                EXTI1_IRQHandler
                0x08000b50                USART2_IRQHandler
                0x08000b50                I2C2_ER_IRQHandler
                0x08000b50                DMA1_Channel2_IRQHandler
                0x08000b50                CAN1_SCE_IRQHandler
                0x08000b50                FLASH_IRQHandler
                0x08000b50                USART1_IRQHandler
                0x08000b50                I2C1_ER_IRQHandler
                0x08000b50                USBWakeUp_IRQHandler
 *fill*         0x08000b52        0x2 
 .text.HAL_Init
                0x08000b54       0x2c ./Drivers/STM32F1xx_HAL_Driver/Src/stm32f1xx_hal.o
                0x08000b54                HAL_Init
 .text.HAL_InitTick
                0x08000b80       0x60 ./Drivers/STM32F1xx_HAL_Driver/Src/stm32f1xx_hal.o
                0x08000b80                HAL_InitTick
 .text.HAL_IncTick
                0x08000be0       0x24 ./Drivers/STM32F1xx_HAL_Driver/Src/stm32f1xx_hal.o
                0x08000be0                HAL_IncTick
 .text.HAL_GetTick
                0x08000c04       0x14 ./Drivers/STM32F1xx_HAL_Driver/Src/stm32f1xx_hal.o
                0x08000c04                HAL_GetTick
 .text.HAL_Delay
                0x08000c18       0x48 ./Drivers/STM32F1xx_HAL_Driver/Src/stm32f1xx_hal.o
                0x08000c18                HAL_Delay
 .text.__NVIC_SetPriorityGrouping
                0x08000c60       0x48 ./Drivers/STM32F1xx_HAL_Driver/Src/stm32f1xx_hal_cortex.o
 .text.__NVIC_GetPriorityGrouping
                0x08000ca8       0x1c ./Drivers/STM32F1xx_HAL_Driver/Src/stm32f1xx_hal_cortex.o
 .text.__NVIC_SetPriority
                0x08000cc4       0x54 ./Drivers/STM32F1xx_HAL_Driver/Src/stm32f1xx_hal_cortex.o
 .text.NVIC_EncodePriority
                0x08000d18       0x64 ./Drivers/STM32F1xx_HAL_Driver/Src/stm32f1xx_hal_cortex.o
 .text.SysTick_Config
                0x08000d7c       0x44 ./Drivers/STM32F1xx_HAL_Driver/Src/stm32f1xx_hal_cortex.o
 .text.HAL_NVIC_SetPriorityGrouping
                0x08000dc0       0x16 ./Drivers/STM32F1xx_HAL_Driver/Src/stm32f1xx_hal_cortex.o
                0x08000dc0                HAL_NVIC_SetPriorityGrouping
 .text.HAL_NVIC_SetPriority
                0x08000dd6       0x38 ./Drivers/STM32F1xx_HAL_Driver/Src/stm32f1xx_hal_cortex.o
                0x08000dd6                HAL_NVIC_SetPriority
 .text.HAL_SYSTICK_Config
                0x08000e0e       0x18 ./Drivers/STM32F1xx_HAL_Driver/Src/stm32f1xx_hal_cortex.o
                0x08000e0e                HAL_SYSTICK_Config
 *fill*         0x08000e26        0x2 
 .text.HAL_GPIO_Init
                0x08000e28      0x308 ./Drivers/STM32F1xx_HAL_Driver/Src/stm32f1xx_hal_gpio.o
                0x08000e28                HAL_GPIO_Init
 .text.HAL_GPIO_ReadPin
                0x08001130       0x2e ./Drivers/STM32F1xx_HAL_Driver/Src/stm32f1xx_hal_gpio.o
                0x08001130                HAL_GPIO_ReadPin
 .text.HAL_GPIO_WritePin
                0x0800115e       0x30 ./Drivers/STM32F1xx_HAL_Driver/Src/stm32f1xx_hal_gpio.o
                0x0800115e                HAL_GPIO_WritePin
 *fill*         0x0800118e        0x2 
 .text.HAL_RCC_OscConfig
                0x08001190      0x504 ./Drivers/STM32F1xx_HAL_Driver/Src/stm32f1xx_hal_rcc.o
                0x08001190                HAL_RCC_OscConfig
 .text.HAL_RCC_ClockConfig
                0x08001694      0x1d4 ./Drivers/STM32F1xx_HAL_Driver/Src/stm32f1xx_hal_rcc.o
                0x08001694                HAL_RCC_ClockConfig
 .text.HAL_RCC_GetSysClockFreq
                0x08001868       0xa8 ./Drivers/STM32F1xx_HAL_Driver/Src/stm32f1xx_hal_rcc.o
                0x08001868                HAL_RCC_GetSysClockFreq
 .text.RCC_Delay
                0x08001910       0x3c ./Drivers/STM32F1xx_HAL_Driver/Src/stm32f1xx_hal_rcc.o
 .text.HAL_SPI_Init
                0x0800194c      0x108 ./Drivers/STM32F1xx_HAL_Driver/Src/stm32f1xx_hal_spi.o
                0x0800194c                HAL_SPI_Init
 .text.HAL_SPI_Transmit
                0x08001a54      0x288 ./Drivers/STM32F1xx_HAL_Driver/Src/stm32f1xx_hal_spi.o
                0x08001a54                HAL_SPI_Transmit
 .text.SPI_WaitFlagStateUntilTimeout
                0x08001cdc      0x110 ./Drivers/STM32F1xx_HAL_Driver/Src/stm32f1xx_hal_spi.o
 .text.SPI_EndRxTxTransaction
                0x08001dec       0x62 ./Drivers/STM32F1xx_HAL_Driver/Src/stm32f1xx_hal_spi.o
 .text.memset   0x08001e4e       0x10 C:/ST/STM32CubeIDE_1.18.0/STM32CubeIDE/plugins/com.st.stm32cube.ide.mcu.externaltools.gnu-tools-for-stm32.13.3.rel1.win32_1.0.0.202411081344/tools/bin/../lib/gcc/arm-none-eabi/13.3.1/../../../../arm-none-eabi/lib/thumb/v7-m/nofp\libc_nano.a(libc_a-memset.o)
                0x08001e4e                memset
 *fill*         0x08001e5e        0x2 
 .text.__libc_init_array
                0x08001e60       0x48 C:/ST/STM32CubeIDE_1.18.0/STM32CubeIDE/plugins/com.st.stm32cube.ide.mcu.externaltools.gnu-tools-for-stm32.13.3.rel1.win32_1.0.0.202411081344/tools/bin/../lib/gcc/arm-none-eabi/13.3.1/../../../../arm-none-eabi/lib/thumb/v7-m/nofp\libc_nano.a(libc_a-init.o)
                0x08001e60                __libc_init_array
 *(.glue_7)
 .glue_7        0x08001ea8        0x0 linker stubs
 *(.glue_7t)
 .glue_7t       0x08001ea8        0x0 linker stubs
 *(.eh_frame)
 .eh_frame      0x08001ea8        0x0 C:/ST/STM32CubeIDE_1.18.0/STM32CubeIDE/plugins/com.st.stm32cube.ide.mcu.externaltools.gnu-tools-for-stm32.13.3.rel1.win32_1.0.0.202411081344/tools/bin/../lib/gcc/arm-none-eabi/13.3.1/thumb/v7-m/nofp/crtbegin.o
 *(.init)
 .init          0x08001ea8        0x4 C:/ST/STM32CubeIDE_1.18.0/STM32CubeIDE/plugins/com.st.stm32cube.ide.mcu.externaltools.gnu-tools-for-stm32.13.3.rel1.win32_1.0.0.202411081344/tools/bin/../lib/gcc/arm-none-eabi/13.3.1/thumb/v7-m/nofp/crti.o
                0x08001ea8                _init
 .init          0x08001eac        0x8 C:/ST/STM32CubeIDE_1.18.0/STM32CubeIDE/plugins/com.st.stm32cube.ide.mcu.externaltools.gnu-tools-for-stm32.13.3.rel1.win32_1.0.0.202411081344/tools/bin/../lib/gcc/arm-none-eabi/13.3.1/thumb/v7-m/nofp/crtn.o
 *(.fini)
 .fini          0x08001eb4        0x4 C:/ST/STM32CubeIDE_1.18.0/STM32CubeIDE/plugins/com.st.stm32cube.ide.mcu.externaltools.gnu-tools-for-stm32.13.3.rel1.win32_1.0.0.202411081344/tools/bin/../lib/gcc/arm-none-eabi/13.3.1/thumb/v7-m/nofp/crti.o
                0x08001eb4                _fini
 .fini          0x08001eb8        0x8 C:/ST/STM32CubeIDE_1.18.0/STM32CubeIDE/plugins/com.st.stm32cube.ide.mcu.externaltools.gnu-tools-for-stm32.13.3.rel1.win32_1.0.0.202411081344/tools/bin/../lib/gcc/arm-none-eabi/13.3.1/thumb/v7-m/nofp/crtn.o
                0x08001ec0                        . = ALIGN (0x4)
                0x08001ec0                        _etext = .

.vfp11_veneer   0x08001ec0        0x0
 .vfp11_veneer  0x08001ec0        0x0 linker stubs

.v4_bx          0x08001ec0        0x0
 .v4_bx         0x08001ec0        0x0 linker stubs

.iplt           0x08001ec0        0x0
 .iplt          0x08001ec0        0x0 C:/ST/STM32CubeIDE_1.18.0/STM32CubeIDE/plugins/com.st.stm32cube.ide.mcu.externaltools.gnu-tools-for-stm32.13.3.rel1.win32_1.0.0.202411081344/tools/bin/../lib/gcc/arm-none-eabi/13.3.1/thumb/v7-m/nofp/crtbegin.o

.rodata         0x08001ec0       0x30
                0x08001ec0                        . = ALIGN (0x4)
 *(.rodata)
 *(.rodata*)
 .rodata.digitCodes
                0x08001ec0        0xa ./Core/Src/main.o
                0x08001ec0                digitCodes
 *fill*         0x08001eca        0x2 
 .rodata.AHBPrescTable
                0x08001ecc       0x10 ./Core/Src/system_stm32f1xx.o
                0x08001ecc                AHBPrescTable
 .rodata.aPLLMULFactorTable.1
                0x08001edc       0x10 ./Drivers/STM32F1xx_HAL_Driver/Src/stm32f1xx_hal_rcc.o
 .rodata.aPredivFactorTable.0
                0x08001eec        0x2 ./Drivers/STM32F1xx_HAL_Driver/Src/stm32f1xx_hal_rcc.o
                0x08001ef0                        . = ALIGN (0x4)
 *fill*         0x08001eee        0x2 

.ARM.extab      0x08001ef0        0x0
                0x08001ef0                        . = ALIGN (0x4)
 *(.ARM.extab* .gnu.linkonce.armextab.*)
                0x08001ef0                        . = ALIGN (0x4)

.ARM            0x08001ef0        0x0
                0x08001ef0                        . = ALIGN (0x4)
                0x08001ef0                        __exidx_start = .
 *(.ARM.exidx*)
                0x08001ef0                        __exidx_end = .
                0x08001ef0                        . = ALIGN (0x4)

.preinit_array  0x08001ef0        0x0
                0x08001ef0                        . = ALIGN (0x4)
                0x08001ef0                        PROVIDE (__preinit_array_start = .)
 *(.preinit_array*)
                0x08001ef0                        PROVIDE (__preinit_array_end = .)
                0x08001ef0                        . = ALIGN (0x4)

.init_array     0x08001ef0        0x4
                0x08001ef0                        . = ALIGN (0x4)
                0x08001ef0                        PROVIDE (__init_array_start = .)
 *(SORT_BY_NAME(.init_array.*))
 *(.init_array*)
 .init_array    0x08001ef0        0x4 C:/ST/STM32CubeIDE_1.18.0/STM32CubeIDE/plugins/com.st.stm32cube.ide.mcu.externaltools.gnu-tools-for-stm32.13.3.rel1.win32_1.0.0.202411081344/tools/bin/../lib/gcc/arm-none-eabi/13.3.1/thumb/v7-m/nofp/crtbegin.o
                0x08001ef4                        PROVIDE (__init_array_end = .)
                0x08001ef4                        . = ALIGN (0x4)

.fini_array     0x08001ef4        0x4
                0x08001ef4                        . = ALIGN (0x4)
                [!provide]                        PROVIDE (__fini_array_start = .)
 *(SORT_BY_NAME(.fini_array.*))
 *(.fini_array*)
 .fini_array    0x08001ef4        0x4 C:/ST/STM32CubeIDE_1.18.0/STM32CubeIDE/plugins/com.st.stm32cube.ide.mcu.externaltools.gnu-tools-for-stm32.13.3.rel1.win32_1.0.0.202411081344/tools/bin/../lib/gcc/arm-none-eabi/13.3.1/thumb/v7-m/nofp/crtbegin.o
                [!provide]                        PROVIDE (__fini_array_end = .)
                0x08001ef8                        . = ALIGN (0x4)
                0x08001ef8                        _sidata = LOADADDR (.data)

.rel.dyn        0x08001ef8        0x0
 .rel.iplt      0x08001ef8        0x0 C:/ST/STM32CubeIDE_1.18.0/STM32CubeIDE/plugins/com.st.stm32cube.ide.mcu.externaltools.gnu-tools-for-stm32.13.3.rel1.win32_1.0.0.202411081344/tools/bin/../lib/gcc/arm-none-eabi/13.3.1/thumb/v7-m/nofp/crtbegin.o

.data           0x20000000       0x10 load address 0x08001ef8
                0x20000000                        . = ALIGN (0x4)
                0x20000000                        _sdata = .
 *(.data)
 *(.data*)
 .data.normal_mode_flag
                0x20000000        0x1 ./Core/Src/main.o
                0x20000000                normal_mode_flag
 *fill*         0x20000001        0x3 
 .data.SystemCoreClock
                0x20000004        0x4 ./Core/Src/system_stm32f1xx.o
                0x20000004                SystemCoreClock
 .data.uwTickPrio
                0x20000008        0x4 ./Drivers/STM32F1xx_HAL_Driver/Src/stm32f1xx_hal.o
                0x20000008                uwTickPrio
 .data.uwTickFreq
                0x2000000c        0x1 ./Drivers/STM32F1xx_HAL_Driver/Src/stm32f1xx_hal.o
                0x2000000c                uwTickFreq
 *(.RamFunc)
 *(.RamFunc*)
                0x20000010                        . = ALIGN (0x4)
 *fill*         0x2000000d        0x3 
                0x20000010                        _edata = .

.igot.plt       0x20000010        0x0 load address 0x08001f08
 .igot.plt      0x20000010        0x0 C:/ST/STM32CubeIDE_1.18.0/STM32CubeIDE/plugins/com.st.stm32cube.ide.mcu.externaltools.gnu-tools-for-stm32.13.3.rel1.win32_1.0.0.202411081344/tools/bin/../lib/gcc/arm-none-eabi/13.3.1/thumb/v7-m/nofp/crtbegin.o
                0x20000010                        . = ALIGN (0x4)

.bss            0x20000010       0x84 load address 0x08001f08
                0x20000010                        _sbss = .
                0x20000010                        __bss_start__ = _sbss
 *(.bss)
 .bss           0x20000010       0x1c C:/ST/STM32CubeIDE_1.18.0/STM32CubeIDE/plugins/com.st.stm32cube.ide.mcu.externaltools.gnu-tools-for-stm32.13.3.rel1.win32_1.0.0.202411081344/tools/bin/../lib/gcc/arm-none-eabi/13.3.1/thumb/v7-m/nofp/crtbegin.o
 *(.bss*)
 .bss.hspi2     0x2000002c       0x58 ./Core/Src/main.o
                0x2000002c                hspi2
 .bss.currentMode
                0x20000084        0x1 ./Core/Src/main.o
                0x20000084                currentMode
 .bss.heavy_mode_flag
                0x20000085        0x1 ./Core/Src/main.o
                0x20000085                heavy_mode_flag
 .bss.night_mode_flag
                0x20000086        0x1 ./Core/Src/main.o
                0x20000086                night_mode_flag
 .bss.control_mode_flag
                0x20000087        0x1 ./Core/Src/main.o
                0x20000087                control_mode_flag
 .bss.lastbutton
                0x20000088        0x1 ./Core/Src/main.o
                0x20000088                lastbutton
 .bss.direction
                0x20000089        0x1 ./Core/Src/main.o
                0x20000089                direction
 *fill*         0x2000008a        0x2 
 .bss.lastDebounceTime.0
                0x2000008c        0x4 ./Core/Src/main.o
 .bss.uwTick    0x20000090        0x4 ./Drivers/STM32F1xx_HAL_Driver/Src/stm32f1xx_hal.o
                0x20000090                uwTick
 *(COMMON)
                0x20000094                        . = ALIGN (0x4)
                0x20000094                        _ebss = .
                0x20000094                        __bss_end__ = _ebss

._user_heap_stack
                0x20000094      0x604 load address 0x08001f08
                0x20000098                        . = ALIGN (0x8)
 *fill*         0x20000094        0x4 
                [!provide]                        PROVIDE (end = .)
                0x20000098                        PROVIDE (_end = .)
                0x20000298                        . = (. + _Min_Heap_Size)
 *fill*         0x20000098      0x200 
                0x20000698                        . = (. + _Min_Stack_Size)
 *fill*         0x20000298      0x400 
                0x20000698                        . = ALIGN (0x8)

/DISCARD/
 libc.a(*)
 libm.a(*)
 libgcc.a(*)

.ARM.attributes
                0x00000000       0x29
 *(.ARM.attributes)
 .ARM.attributes
                0x00000000       0x1d C:/ST/STM32CubeIDE_1.18.0/STM32CubeIDE/plugins/com.st.stm32cube.ide.mcu.externaltools.gnu-tools-for-stm32.13.3.rel1.win32_1.0.0.202411081344/tools/bin/../lib/gcc/arm-none-eabi/13.3.1/thumb/v7-m/nofp/crti.o
 .ARM.attributes
                0x0000001d       0x2d C:/ST/STM32CubeIDE_1.18.0/STM32CubeIDE/plugins/com.st.stm32cube.ide.mcu.externaltools.gnu-tools-for-stm32.13.3.rel1.win32_1.0.0.202411081344/tools/bin/../lib/gcc/arm-none-eabi/13.3.1/thumb/v7-m/nofp/crtbegin.o
 .ARM.attributes
                0x0000004a       0x2d ./Core/Src/main.o
 .ARM.attributes
                0x00000077       0x2d ./Core/Src/stm32f1xx_hal_msp.o
 .ARM.attributes
                0x000000a4       0x2d ./Core/Src/stm32f1xx_it.o
 .ARM.attributes
                0x000000d1       0x2d ./Core/Src/system_stm32f1xx.o
 .ARM.attributes
                0x000000fe       0x21 ./Core/Startup/startup_stm32f103c8tx.o
 .ARM.attributes
                0x0000011f       0x2d ./Drivers/STM32F1xx_HAL_Driver/Src/stm32f1xx_hal.o
 .ARM.attributes
                0x0000014c       0x2d ./Drivers/STM32F1xx_HAL_Driver/Src/stm32f1xx_hal_cortex.o
 .ARM.attributes
                0x00000179       0x2d ./Drivers/STM32F1xx_HAL_Driver/Src/stm32f1xx_hal_gpio.o
 .ARM.attributes
                0x000001a6       0x2d ./Drivers/STM32F1xx_HAL_Driver/Src/stm32f1xx_hal_rcc.o
 .ARM.attributes
                0x000001d3       0x2d ./Drivers/STM32F1xx_HAL_Driver/Src/stm32f1xx_hal_spi.o
 .ARM.attributes
                0x00000200       0x2d C:/ST/STM32CubeIDE_1.18.0/STM32CubeIDE/plugins/com.st.stm32cube.ide.mcu.externaltools.gnu-tools-for-stm32.13.3.rel1.win32_1.0.0.202411081344/tools/bin/../lib/gcc/arm-none-eabi/13.3.1/../../../../arm-none-eabi/lib/thumb/v7-m/nofp\libc_nano.a(libc_a-memset.o)
 .ARM.attributes
                0x0000022d       0x2d C:/ST/STM32CubeIDE_1.18.0/STM32CubeIDE/plugins/com.st.stm32cube.ide.mcu.externaltools.gnu-tools-for-stm32.13.3.rel1.win32_1.0.0.202411081344/tools/bin/../lib/gcc/arm-none-eabi/13.3.1/../../../../arm-none-eabi/lib/thumb/v7-m/nofp\libc_nano.a(libc_a-init.o)
 .ARM.attributes
                0x0000025a       0x1d C:/ST/STM32CubeIDE_1.18.0/STM32CubeIDE/plugins/com.st.stm32cube.ide.mcu.externaltools.gnu-tools-for-stm32.13.3.rel1.win32_1.0.0.202411081344/tools/bin/../lib/gcc/arm-none-eabi/13.3.1/thumb/v7-m/nofp/crtn.o
OUTPUT(traffic_light.elf elf32-littlearm)
LOAD linker stubs
LOAD C:/ST/STM32CubeIDE_1.18.0/STM32CubeIDE/plugins/com.st.stm32cube.ide.mcu.externaltools.gnu-tools-for-stm32.13.3.rel1.win32_1.0.0.202411081344/tools/bin/../lib/gcc/arm-none-eabi/13.3.1/../../../../arm-none-eabi/lib/thumb/v7-m/nofp\libc.a
LOAD C:/ST/STM32CubeIDE_1.18.0/STM32CubeIDE/plugins/com.st.stm32cube.ide.mcu.externaltools.gnu-tools-for-stm32.13.3.rel1.win32_1.0.0.202411081344/tools/bin/../lib/gcc/arm-none-eabi/13.3.1/../../../../arm-none-eabi/lib/thumb/v7-m/nofp\libm.a
LOAD C:/ST/STM32CubeIDE_1.18.0/STM32CubeIDE/plugins/com.st.stm32cube.ide.mcu.externaltools.gnu-tools-for-stm32.13.3.rel1.win32_1.0.0.202411081344/tools/bin/../lib/gcc/arm-none-eabi/13.3.1/thumb/v7-m/nofp\libgcc.a

.debug_info     0x00000000     0x4baf
 .debug_info    0x00000000      0xcf3 ./Core/Src/main.o
 .debug_info    0x00000cf3      0x81f ./Core/Src/stm32f1xx_hal_msp.o
 .debug_info    0x00001512      0x113 ./Core/Src/stm32f1xx_it.o
 .debug_info    0x00001625      0x222 ./Core/Src/system_stm32f1xx.o
 .debug_info    0x00001847       0x30 ./Core/Startup/startup_stm32f103c8tx.o
 .debug_info    0x00001877      0x704 ./Drivers/STM32F1xx_HAL_Driver/Src/stm32f1xx_hal.o
 .debug_info    0x00001f7b      0xa87 ./Drivers/STM32F1xx_HAL_Driver/Src/stm32f1xx_hal_cortex.o
 .debug_info    0x00002a02      0x5ab ./Drivers/STM32F1xx_HAL_Driver/Src/stm32f1xx_hal_gpio.o
 .debug_info    0x00002fad      0x7d5 ./Drivers/STM32F1xx_HAL_Driver/Src/stm32f1xx_hal_rcc.o
 .debug_info    0x00003782     0x142d ./Drivers/STM32F1xx_HAL_Driver/Src/stm32f1xx_hal_spi.o

.debug_abbrev   0x00000000     0x1298
 .debug_abbrev  0x00000000      0x326 ./Core/Src/main.o
 .debug_abbrev  0x00000326      0x1ac ./Core/Src/stm32f1xx_hal_msp.o
 .debug_abbrev  0x000004d2       0x73 ./Core/Src/stm32f1xx_it.o
 .debug_abbrev  0x00000545      0x13f ./Core/Src/system_stm32f1xx.o
 .debug_abbrev  0x00000684       0x24 ./Core/Startup/startup_stm32f103c8tx.o
 .debug_abbrev  0x000006a8      0x201 ./Drivers/STM32F1xx_HAL_Driver/Src/stm32f1xx_hal.o
 .debug_abbrev  0x000008a9      0x2f8 ./Drivers/STM32F1xx_HAL_Driver/Src/stm32f1xx_hal_cortex.o
 .debug_abbrev  0x00000ba1      0x1ca ./Drivers/STM32F1xx_HAL_Driver/Src/stm32f1xx_hal_gpio.o
 .debug_abbrev  0x00000d6b      0x2b3 ./Drivers/STM32F1xx_HAL_Driver/Src/stm32f1xx_hal_rcc.o
 .debug_abbrev  0x0000101e      0x27a ./Drivers/STM32F1xx_HAL_Driver/Src/stm32f1xx_hal_spi.o

.debug_aranges  0x00000000      0x608
 .debug_aranges
                0x00000000       0x90 ./Core/Src/main.o
 .debug_aranges
                0x00000090       0x30 ./Core/Src/stm32f1xx_hal_msp.o
 .debug_aranges
                0x000000c0       0x60 ./Core/Src/stm32f1xx_it.o
 .debug_aranges
                0x00000120       0x28 ./Core/Src/system_stm32f1xx.o
 .debug_aranges
                0x00000148       0x28 ./Core/Startup/startup_stm32f103c8tx.o
 .debug_aranges
                0x00000170       0xe0 ./Drivers/STM32F1xx_HAL_Driver/Src/stm32f1xx_hal.o
 .debug_aranges
                0x00000250      0x100 ./Drivers/STM32F1xx_HAL_Driver/Src/stm32f1xx_hal_cortex.o
 .debug_aranges
                0x00000350       0x58 ./Drivers/STM32F1xx_HAL_Driver/Src/stm32f1xx_hal_gpio.o
 .debug_aranges
                0x000003a8       0x90 ./Drivers/STM32F1xx_HAL_Driver/Src/stm32f1xx_hal_rcc.o
 .debug_aranges
                0x00000438      0x1d0 ./Drivers/STM32F1xx_HAL_Driver/Src/stm32f1xx_hal_spi.o

.debug_rnglists
                0x00000000      0x479
 .debug_rnglists
                0x00000000       0x6c ./Core/Src/main.o
 .debug_rnglists
                0x0000006c       0x20 ./Core/Src/stm32f1xx_hal_msp.o
 .debug_rnglists
                0x0000008c       0x43 ./Core/Src/stm32f1xx_it.o
 .debug_rnglists
                0x000000cf       0x1a ./Core/Src/system_stm32f1xx.o
 .debug_rnglists
                0x000000e9       0x19 ./Core/Startup/startup_stm32f103c8tx.o
 .debug_rnglists
                0x00000102       0xa3 ./Drivers/STM32F1xx_HAL_Driver/Src/stm32f1xx_hal.o
 .debug_rnglists
                0x000001a5       0xbb ./Drivers/STM32F1xx_HAL_Driver/Src/stm32f1xx_hal_cortex.o
 .debug_rnglists
                0x00000260       0x3f ./Drivers/STM32F1xx_HAL_Driver/Src/stm32f1xx_hal_gpio.o
 .debug_rnglists
                0x0000029f       0x6c ./Drivers/STM32F1xx_HAL_Driver/Src/stm32f1xx_hal_rcc.o
 .debug_rnglists
                0x0000030b      0x16e ./Drivers/STM32F1xx_HAL_Driver/Src/stm32f1xx_hal_spi.o

.debug_macro    0x00000000    0x15dc8
 .debug_macro   0x00000000      0x1a7 ./Core/Src/main.o
 .debug_macro   0x000001a7      0xacc ./Core/Src/main.o
 .debug_macro   0x00000c73      0x215 ./Core/Src/main.o
 .debug_macro   0x00000e88       0x2e ./Core/Src/main.o
 .debug_macro   0x00000eb6       0x22 ./Core/Src/main.o
 .debug_macro   0x00000ed8       0x22 ./Core/Src/main.o
 .debug_macro   0x00000efa       0x8e ./Core/Src/main.o
 .debug_macro   0x00000f88       0x51 ./Core/Src/main.o
 .debug_macro   0x00000fd9      0x103 ./Core/Src/main.o
 .debug_macro   0x000010dc       0x6a ./Core/Src/main.o
 .debug_macro   0x00001146      0x1df ./Core/Src/main.o
 .debug_macro   0x00001325       0x1c ./Core/Src/main.o
 .debug_macro   0x00001341       0x22 ./Core/Src/main.o
 .debug_macro   0x00001363       0xbd ./Core/Src/main.o
 .debug_macro   0x00001420      0xd23 ./Core/Src/main.o
 .debug_macro   0x00002143     0xe09e ./Core/Src/main.o
 .debug_macro   0x000101e1       0x6d ./Core/Src/main.o
 .debug_macro   0x0001024e     0x34a2 ./Core/Src/main.o
 .debug_macro   0x000136f0      0x190 ./Core/Src/main.o
 .debug_macro   0x00013880       0x5c ./Core/Src/main.o
 .debug_macro   0x000138dc      0x5bc ./Core/Src/main.o
 .debug_macro   0x00013e98      0x289 ./Core/Src/main.o
 .debug_macro   0x00014121      0x1cb ./Core/Src/main.o
 .debug_macro   0x000142ec      0x114 ./Core/Src/main.o
 .debug_macro   0x00014400      0x1b2 ./Core/Src/main.o
 .debug_macro   0x000145b2       0x27 ./Core/Src/main.o
 .debug_macro   0x000145d9      0x136 ./Core/Src/main.o
 .debug_macro   0x0001470f      0x1bc ./Core/Src/main.o
 .debug_macro   0x000148cb       0x34 ./Core/Src/main.o
 .debug_macro   0x000148ff       0x3c ./Core/Src/main.o
 .debug_macro   0x0001493b       0x57 ./Core/Src/main.o
 .debug_macro   0x00014992       0x87 ./Core/Src/main.o
 .debug_macro   0x00014a19      0x240 ./Core/Src/main.o
 .debug_macro   0x00014c59      0x140 ./Core/Src/main.o
 .debug_macro   0x00014d99      0x217 ./Core/Src/main.o
 .debug_macro   0x00014fb0       0x83 ./Core/Src/main.o
 .debug_macro   0x00015033       0x5e ./Core/Src/main.o
 .debug_macro   0x00015091      0x198 ./Core/Src/stm32f1xx_hal_msp.o
 .debug_macro   0x00015229      0x1a2 ./Core/Src/stm32f1xx_it.o
 .debug_macro   0x000153cb      0x18e ./Core/Src/system_stm32f1xx.o
 .debug_macro   0x00015559      0x1b2 ./Drivers/STM32F1xx_HAL_Driver/Src/stm32f1xx_hal.o
 .debug_macro   0x0001570b      0x18e ./Drivers/STM32F1xx_HAL_Driver/Src/stm32f1xx_hal_cortex.o
 .debug_macro   0x00015899      0x1f9 ./Drivers/STM32F1xx_HAL_Driver/Src/stm32f1xx_hal_gpio.o
 .debug_macro   0x00015a92      0x1a0 ./Drivers/STM32F1xx_HAL_Driver/Src/stm32f1xx_hal_rcc.o
 .debug_macro   0x00015c32      0x196 ./Drivers/STM32F1xx_HAL_Driver/Src/stm32f1xx_hal_spi.o

.debug_line     0x00000000     0x6ab8
 .debug_line    0x00000000      0xb87 ./Core/Src/main.o
 .debug_line    0x00000b87      0x71e ./Core/Src/stm32f1xx_hal_msp.o
 .debug_line    0x000012a5      0x779 ./Core/Src/stm32f1xx_it.o
 .debug_line    0x00001a1e      0x749 ./Core/Src/system_stm32f1xx.o
 .debug_line    0x00002167       0x78 ./Core/Startup/startup_stm32f103c8tx.o
 .debug_line    0x000021df      0x97a ./Drivers/STM32F1xx_HAL_Driver/Src/stm32f1xx_hal.o
 .debug_line    0x00002b59      0xb44 ./Drivers/STM32F1xx_HAL_Driver/Src/stm32f1xx_hal_cortex.o
 .debug_line    0x0000369d      0x9d7 ./Drivers/STM32F1xx_HAL_Driver/Src/stm32f1xx_hal_gpio.o
 .debug_line    0x00004074      0xe33 ./Drivers/STM32F1xx_HAL_Driver/Src/stm32f1xx_hal_rcc.o
 .debug_line    0x00004ea7     0x1c11 ./Drivers/STM32F1xx_HAL_Driver/Src/stm32f1xx_hal_spi.o

.debug_str      0x00000000    0x7dd20
 .debug_str     0x00000000    0x7dd20 ./Core/Src/main.o
                              0x7cb9e (size before relaxing)
 .debug_str     0x0007dd20    0x7c693 ./Core/Src/stm32f1xx_hal_msp.o
 .debug_str     0x0007dd20    0x7c24d ./Core/Src/stm32f1xx_it.o
 .debug_str     0x0007dd20    0x7c263 ./Core/Src/system_stm32f1xx.o
 .debug_str     0x0007dd20       0x94 ./Core/Startup/startup_stm32f103c8tx.o
 .debug_str     0x0007dd20    0x7c996 ./Drivers/STM32F1xx_HAL_Driver/Src/stm32f1xx_hal.o
 .debug_str     0x0007dd20    0x7c8e2 ./Drivers/STM32F1xx_HAL_Driver/Src/stm32f1xx_hal_cortex.o
 .debug_str     0x0007dd20    0x7c5e9 ./Drivers/STM32F1xx_HAL_Driver/Src/stm32f1xx_hal_gpio.o
 .debug_str     0x0007dd20    0x7c692 ./Drivers/STM32F1xx_HAL_Driver/Src/stm32f1xx_hal_rcc.o
 .debug_str     0x0007dd20    0x7cb89 ./Drivers/STM32F1xx_HAL_Driver/Src/stm32f1xx_hal_spi.o

.comment        0x00000000       0x43
 .comment       0x00000000       0x43 ./Core/Src/main.o
                                 0x44 (size before relaxing)
 .comment       0x00000043       0x44 ./Core/Src/stm32f1xx_hal_msp.o
 .comment       0x00000043       0x44 ./Core/Src/stm32f1xx_it.o
 .comment       0x00000043       0x44 ./Core/Src/system_stm32f1xx.o
 .comment       0x00000043       0x44 ./Drivers/STM32F1xx_HAL_Driver/Src/stm32f1xx_hal.o
 .comment       0x00000043       0x44 ./Drivers/STM32F1xx_HAL_Driver/Src/stm32f1xx_hal_cortex.o
 .comment       0x00000043       0x44 ./Drivers/STM32F1xx_HAL_Driver/Src/stm32f1xx_hal_gpio.o
 .comment       0x00000043       0x44 ./Drivers/STM32F1xx_HAL_Driver/Src/stm32f1xx_hal_rcc.o
 .comment       0x00000043       0x44 ./Drivers/STM32F1xx_HAL_Driver/Src/stm32f1xx_hal_spi.o

.debug_frame    0x00000000     0x170c
 .debug_frame   0x00000000      0x200 ./Core/Src/main.o
 .debug_frame   0x00000200       0x80 ./Core/Src/stm32f1xx_hal_msp.o
 .debug_frame   0x00000280      0x104 ./Core/Src/stm32f1xx_it.o
 .debug_frame   0x00000384       0x58 ./Core/Src/system_stm32f1xx.o
 .debug_frame   0x000003dc      0x334 ./Drivers/STM32F1xx_HAL_Driver/Src/stm32f1xx_hal.o
 .debug_frame   0x00000710      0x428 ./Drivers/STM32F1xx_HAL_Driver/Src/stm32f1xx_hal_cortex.o
 .debug_frame   0x00000b38      0x14c ./Drivers/STM32F1xx_HAL_Driver/Src/stm32f1xx_hal_gpio.o
 .debug_frame   0x00000c84      0x218 ./Drivers/STM32F1xx_HAL_Driver/Src/stm32f1xx_hal_rcc.o
 .debug_frame   0x00000e9c      0x824 ./Drivers/STM32F1xx_HAL_Driver/Src/stm32f1xx_hal_spi.o
 .debug_frame   0x000016c0       0x20 C:/ST/STM32CubeIDE_1.18.0/STM32CubeIDE/plugins/com.st.stm32cube.ide.mcu.externaltools.gnu-tools-for-stm32.13.3.rel1.win32_1.0.0.202411081344/tools/bin/../lib/gcc/arm-none-eabi/13.3.1/../../../../arm-none-eabi/lib/thumb/v7-m/nofp\libc_nano.a(libc_a-memset.o)
 .debug_frame   0x000016e0       0x2c C:/ST/STM32CubeIDE_1.18.0/STM32CubeIDE/plugins/com.st.stm32cube.ide.mcu.externaltools.gnu-tools-for-stm32.13.3.rel1.win32_1.0.0.202411081344/tools/bin/../lib/gcc/arm-none-eabi/13.3.1/../../../../arm-none-eabi/lib/thumb/v7-m/nofp\libc_nano.a(libc_a-init.o)

.debug_line_str
                0x00000000       0x78
 .debug_line_str
                0x00000000       0x78 ./Core/Startup/startup_stm32f103c8tx.o
