../Core/Src/main.c:74:5:main	8	static
../Core/Src/main.c:119:6:SystemClock_Config	72	static
../Core/Src/main.c:156:13:MX_GPIO_Init	32	static
../Core/Src/main.c:196:9:isButtonPressed	16	static
../Core/Src/main.c:211:6:updateState	8	static
../Core/Src/main.c:231:6:switchToLightTrafficMode	8	static
../Core/Src/main.c:238:6:switchToHeavyTrafficMode	8	static
../Core/Src/main.c:245:6:switchToNightMode	8	static
../Core/Src/main.c:252:6:switchToControlMode	8	static
../Core/Src/main.c:264:6:Error_Handler	4	static,ignoring_inline_asm
